<html>
<body>
<pre>
<h1>µVision Build Log</h1>
<h2>Tool Versions:</h2>
IDE-Version: ¦ÌVision V5.31.0.0
Copyright (C) 2020 ARM Ltd and ARM Germany GmbH. All rights reserved.
License Information: light pan, zucc, LIC=MGXG8-33XZ3-HR7XN-YG7ZN-JRC7S-6WXYR
 
Tool Versions:
Toolchain:       MDK-ARM Professional  Version: 5.31.0.0
Toolchain Path:  C:\Keil_v5\ARM\ARMCLANG\Bin
C Compiler:      ArmClang.exe V6.14
Assembler:       Armasm.exe V6.14
Linker/Locator:  ArmLink.exe V6.14
Library Manager: ArmAr.exe V6.14
Hex Converter:   FromElf.exe V6.14
CPU DLL:         SARMCM3.DLL V5.31.0.0
Dialog DLL:      DCM.DLL V1.17.3.0
Target DLL:      Segger\JL2CM3.dll V2.99.38.0
Dialog DLL:      TCM.DLL V1.46.0.0
 
<h2>Project:</h2>
C:\Users\pan39\Desktop\singalchip\CameraT\MDK-ARM\CameraT.uvprojx
Project File Date:  10/28/2020

<h2>Output:</h2>
*** Using Compiler 'V6.14', folder: 'C:\Keil_v5\ARM\ARMCLANG\Bin'
Build target 'CameraT'
assembling startup_stm32h743xx.s...
compiling spi.c...
compiling usart.c...
compiling stm32h7xx_hal_msp.c...
compiling main.c...
compiling tim.c...
compiling stm32h7xx_it.c...
compiling stm32h7xx_hal_cortex.c...
compiling gpio.c...
compiling stm32h7xx_hal_spi_ex.c...
compiling stm32h7xx_hal_rcc.c...
compiling stm32h7xx_hal_spi.c...
compiling stm32h7xx_hal_hsem.c...
compiling stm32h7xx_hal_flash.c...
compiling stm32h7xx_hal_gpio.c...
compiling stm32h7xx_hal_flash_ex.c...
compiling stm32h7xx_hal_pwr.c...
compiling stm32h7xx_hal_dma_ex.c...
compiling stm32h7xx_hal_rcc_ex.c...
compiling stm32h7xx_hal_mdma.c...
compiling stm32h7xx_hal_pwr_ex.c...
compiling stm32h7xx_hal_dma.c...
compiling stm32h7xx_hal.c...
compiling stm32h7xx_hal_i2c_ex.c...
compiling stm32h7xx_hal_exti.c...
compiling system_stm32h7xx.c...
compiling stm32h7xx_hal_uart_ex.c...
compiling stm32h7xx_hal_tim_ex.c...
compiling ILI9341_STM32_Driver.c...
compiling ILI9341_GFX.c...
compiling stm32h7xx_hal_uart.c...
compiling stm32h7xx_hal_i2c.c...
compiling stm32h7xx_hal_tim.c...
linking...
Program Size: Code=17192 RO-data=752 RW-data=20 ZI-data=47060  
FromELF: creating hex file...
"CameraT\CameraT.axf" - 0 Error(s), 0 Warning(s).

<h2>Software Packages used:</h2>

Package Vendor: ARM
                http://www.keil.com/pack/ARM.CMSIS.5.7.0.pack
                ARM.CMSIS.5.7.0
                CMSIS (Cortex Microcontroller Software Interface Standard)
   * Component: CORE Version: 5.4.0

Package Vendor: Keil
                https://www.keil.com/pack/Keil.STM32H7xx_DFP.2.6.0.pack
                Keil.STM32H7xx_DFP.2.6.0
                STMicroelectronics STM32H7 Series Device Support and Examples

<h2>Collection of Component include folders:</h2>
  .\RTE\_CameraT
  C:\Users\pan39\AppData\Local\Arm\Packs\ARM\CMSIS\5.7.0\CMSIS\Core\Include
  C:\Users\pan39\AppData\Local\Arm\Packs\Keil\STM32H7xx_DFP\2.6.0\Drivers\CMSIS\Device\ST\STM32H7xx\Include

<h2>Collection of Component Files used:</h2>

   * Component: ARM::CMSIS:CORE:5.4.0
Build Time Elapsed:  00:00:04
</pre>
</body>
</html>
