<html>
<body>
<pre>
<h1>µVision Build Log</h1>
<h2>Tool Versions:</h2>
IDE-Version: ¦ÌVision V5.31.0.0
Copyright (C) 2020 ARM Ltd and ARM Germany GmbH. All rights reserved.
License Information: light pan, zucc, LIC=MGXG8-33XZ3-HR7XN-YG7ZN-JRC7S-6WXYR
 
Tool Versions:
Toolchain:       MDK-ARM Professional  Version: 5.31.0.0
Toolchain Path:  C:\Keil_v5\ARM\ARMCLANG\Bin
C Compiler:      ArmClang.exe V6.14
Assembler:       Armasm.exe V6.14
Linker/Locator:  ArmLink.exe V6.14
Library Manager: ArmAr.exe V6.14
Hex Converter:   FromElf.exe V6.14
CPU DLL:         SARMCM3.DLL V5.31.0.0
Dialog DLL:      DCM.DLL V1.17.3.0
Target DLL:      CMSIS_AGDI.dll V1.32.6.0
Dialog DLL:      TCM.DLL V1.46.0.0
 
<h2>Project:</h2>
C:\Users\pan39\Desktop\singalchip\CameraT\Seekfree_RT1064_Opensource_Library\Project\MDK\RT106X.uvprojx
Project File Date:  10/27/2020

<h2>Output:</h2>
*** Using Compiler 'V6.14', folder: 'C:\Keil_v5\ARM\ARMCLANG\Bin'
Build target 'nor_sdram_zf_dtcm_v6'
compiling main.c...
linking...
Program Size: Code=104656 RO-data=5712 RW-data=552 ZI-data=187572  
FromELF: creating hex file...
".\Objects\RT106X.axf" - 0 Error(s), 0 Warning(s).

<h2>Software Packages used:</h2>

Package Vendor: NXP
                http://mcuxpresso.nxp.com/cmsis_pack/repo/NXP.MIMXRT1064_DFP.12.2.0.pack
                NXP.MIMXRT1064_DFP.12.2.0
                Device Family Pack for MIMXRT1064

<h2>Collection of Component include folders:</h2>
  C:\Users\pan39\AppData\Local\Arm\Packs\NXP\MIMXRT1064_DFP\12.2.0

<h2>Collection of Component Files used:</h2>
Build Time Elapsed:  00:00:02
</pre>
</body>
</html>
